

================================================================
== Vivado HLS Report for 'canny_nonmax_supression'
================================================================
* Date:           Fri Jul 06 13:00:30 2018

* Version:        2015.4 (Build 1412921 on Wed Nov 18 09:58:55 AM 2015)
* Project:        cannyedge
* Solution:       solution1
* Product family: zynq
* Target device:  xc7z020clg484-1


================================================================
== Performance Estimates
================================================================
+ Timing (ns): 
    * Summary: 
    +--------+-------+----------+------------+
    |  Clock | Target| Estimated| Uncertainty|
    +--------+-------+----------+------------+
    |ap_clk  |   5.00|      4.11|        0.63|
    +--------+-------+----------+------------+

+ Latency (clock cycles): 
    * Summary: 
    +---------+---------+---------+---------+---------+
    |      Latency      |      Interval     | Pipeline|
    |   min   |   max   |   min   |   max   |   Type  |
    +---------+---------+---------+---------+---------+
    |  1056776|  1056776|  1056776|  1056776|   none  |
    +---------+---------+---------+---------+---------+

    + Detail: 
        * Instance: 
        N/A

        * Loop: 
        +-------------+---------+---------+----------+-----------+-----------+------+----------+
        |             |      Latency      | Iteration|  Initiation Interval  | Trip |          |
        |  Loop Name  |   min   |   max   |  Latency |  achieved |   target  | Count| Pipelined|
        +-------------+---------+---------+----------+-----------+-----------+------+----------+
        |- Loop 1     |  1056775|  1056775|      1031|          -|          -|  1025|    no    |
        | + Loop 1.1  |     1029|     1029|         6|          1|          1|  1025|    yes   |
        +-------------+---------+---------+----------+-----------+-----------+------+----------+



================================================================
== Utilization Estimates
================================================================
* Summary: 
+-----------------+---------+-------+--------+-------+
|       Name      | BRAM_18K| DSP48E|   FF   |  LUT  |
+-----------------+---------+-------+--------+-------+
|DSP              |        -|      -|       -|      -|
|Expression       |        -|      -|       0|    191|
|FIFO             |        -|      -|       -|      -|
|Instance         |        -|      -|       -|      -|
|Memory           |        2|      -|       0|      0|
|Multiplexer      |        -|      -|       -|     35|
|Register         |        -|      -|     320|      3|
+-----------------+---------+-------+--------+-------+
|Total            |        2|      0|     320|    229|
+-----------------+---------+-------+--------+-------+
|Available        |      280|    220|  106400|  53200|
+-----------------+---------+-------+--------+-------+
|Utilization (%)  |    ~0   |      0|   ~0   |   ~0  |
+-----------------+---------+-------+--------+-------+

+ Detail: 
    * Instance: 
    N/A

    * DSP48: 
    N/A

    * Memory: 
    +----------------+--------------------------------------+---------+---+----+------+-----+------+-------------+
    |     Memory     |                Module                | BRAM_18K| FF| LUT| Words| Bits| Banks| W*Bits*Banks|
    +----------------+--------------------------------------+---------+---+----+------+-----+------+-------------+
    |Buffer_val_0_U  |canny_nonmax_supression_Buffer_val_0  |        1|  0|   0|  1024|   16|     1|        16384|
    |Buffer_val_1_U  |canny_nonmax_supression_Buffer_val_0  |        1|  0|   0|  1024|   16|     1|        16384|
    +----------------+--------------------------------------+---------+---+----+------+-----+------+-------------+
    |Total           |                                      |        2|  0|   0|  2048|   32|     2|        32768|
    +----------------+--------------------------------------+---------+---+----+------+-----+------+-------------+

    * FIFO: 
    N/A

    * Expression: 
    +---------------------------------------+----------+-------+---+----+------------+------------+
    |             Variable Name             | Operation| DSP48E| FF| LUT| Bitwidth P0| Bitwidth P1|
    +---------------------------------------+----------+-------+---+----+------------+------------+
    |i_V_fu_198_p2                          |     +    |      0|  0|  11|          11|           1|
    |j_V_fu_232_p2                          |     +    |      0|  0|  11|          11|           1|
    |Win_val_0_0_0_Win_val_0_0_1_fu_375_p3  |  Select  |      0|  0|  16|           1|          16|
    |Win_val_1_0_0_Win_val_1_0_1_fu_368_p3  |  Select  |      0|  0|  16|           1|          16|
    |Win_val_2_0_0_Win_val_2_0_1_fu_361_p3  |  Select  |      0|  0|  16|           1|          16|
    |ga_fu_583_p3                           |  Select  |      0|  0|   8|           1|           8|
    |gb_fu_578_p3                           |  Select  |      0|  0|   8|           1|           8|
    |out_pixel_val_fu_604_p3                |  Select  |      0|  0|   8|           1|           8|
    |tmp_26_fu_460_p3                       |  Select  |      0|  0|   8|           1|           8|
    |tmp_27_fu_468_p3                       |  Select  |      0|  0|   8|           1|           8|
    |tmp_31_fu_516_p3                       |  Select  |      0|  0|   8|           1|           8|
    |tmp_32_fu_524_p3                       |  Select  |      0|  0|   8|           1|           8|
    |tmp_33_fu_611_p3                       |  Select  |      0|  0|   8|           1|           1|
    |ap_sig_bdd_54                          |    and   |      0|  0|   1|           1|           1|
    |ap_sig_bdd_69                          |    and   |      0|  0|   1|           1|           1|
    |or_cond3_fu_600_p2                     |    and   |      0|  0|   1|           1|           1|
    |sel_tmp2_fu_414_p2                     |    and   |      0|  0|   1|           1|           1|
    |exitcond1_fu_192_p2                    |   icmp   |      0|  0|   4|          11|          11|
    |exitcond_fu_226_p2                     |   icmp   |      0|  0|   4|          11|          11|
    |icmp1_fu_276_p2                        |   icmp   |      0|  0|   4|          10|           1|
    |icmp_fu_214_p2                         |   icmp   |      0|  0|   4|          10|           1|
    |tmp_10_fu_402_p2                       |   icmp   |      0|  0|   2|           2|           3|
    |tmp_14_fu_588_p2                       |   icmp   |      0|  0|   3|           8|           8|
    |tmp_15_fu_594_p2                       |   icmp   |      0|  0|   3|           8|           8|
    |tmp_16_fu_295_p2                       |   icmp   |      0|  0|   4|          11|           1|
    |tmp_2_fu_220_p2                        |   icmp   |      0|  0|   4|          11|           1|
    |tmp_5_fu_396_p2                        |   icmp   |      0|  0|   1|           2|           1|
    |tmp_s_fu_390_p2                        |   icmp   |      0|  0|   1|           2|           1|
    |ap_sig_bdd_197                         |    or    |      0|  0|   1|           1|           1|
    |or_cond2_fu_321_p2                     |    or    |      0|  0|   1|           1|           1|
    |or_cond4_fu_301_p2                     |    or    |      0|  0|   1|           1|           1|
    |tmp9_fu_282_p2                         |    or    |      0|  0|   1|           1|           1|
    |tmp_4_fu_238_p2                        |    or    |      0|  0|  13|          11|          11|
    |sel_tmp1_fu_408_p2                     |    xor   |      0|  0|   2|           1|           2|
    +---------------------------------------+----------+-------+---+----+------------+------------+
    |Total                                  |          |      0|  0| 191|         139|         175|
    +---------------------------------------+----------+-------+---+----+------------+------------+

    * Multiplexer: 
    +-----------------------+----+-----------+-----+-----------+
    |          Name         | LUT| Input Size| Bits| Total Bits|
    +-----------------------+----+-----------+-----+-----------+
    |ap_NS_fsm              |   1|          4|    1|          4|
    |ap_reg_ppiten_pp0_it5  |   1|          2|    1|          2|
    |p_1_phi_fu_184_p4      |  11|          2|   11|         22|
    |p_1_reg_180            |  11|          2|   11|         22|
    |p_s_reg_168            |  11|          3|   11|         33|
    +-----------------------+----+-----------+-----+-----------+
    |Total                  |  35|         13|   35|         83|
    +-----------------------+----+-----------+-----+-----------+

    * Register: 
    +------------------------------------------------+----+----+-----+-----------+
    |                      Name                      | FF | LUT| Bits| Const Bits|
    +------------------------------------------------+----+----+-----+-----------+
    |Buffer_val_1_addr_reg_715                       |  10|   0|   10|          0|
    |Win_val_0_1_1_fu_92                             |  16|   0|   16|          0|
    |Win_val_0_1_fu_88                               |  16|   0|   16|          0|
    |Win_val_1_1_1_fu_100                            |  16|   0|   16|          0|
    |Win_val_1_1_fu_96                               |  16|   0|   16|          0|
    |Win_val_2_1_1_fu_108                            |  16|   0|   16|          0|
    |Win_val_2_1_fu_104                              |  16|   0|   16|          0|
    |ap_CS_fsm                                       |   3|   0|    3|          0|
    |ap_done_reg                                     |   1|   0|    1|          0|
    |ap_reg_phibuf_p_s_reg_168                       |  11|   0|   11|          0|
    |ap_reg_ppiten_pp0_it0                           |   1|   0|    1|          0|
    |ap_reg_ppiten_pp0_it1                           |   1|   0|    1|          0|
    |ap_reg_ppiten_pp0_it2                           |   1|   0|    1|          0|
    |ap_reg_ppiten_pp0_it3                           |   1|   0|    1|          0|
    |ap_reg_ppiten_pp0_it4                           |   1|   0|    1|          0|
    |ap_reg_ppiten_pp0_it5                           |   1|   0|    1|          0|
    |ap_reg_ppstg_Buffer_val_1_addr_reg_715_pp0_it1  |  10|   0|   10|          0|
    |ap_reg_ppstg_p_1_reg_180_pp0_it1                |  11|   0|   11|          0|
    |ap_reg_ppstg_tmp_3_reg_704_pp0_it1              |   1|   0|    1|          0|
    |ap_reg_ppstg_tmp_7_reg_708_pp0_it1              |   1|   0|    1|          0|
    |exitcond_reg_695                                |   1|   0|    1|          0|
    |i_V_reg_680                                     |  11|   0|   11|          0|
    |icmp_reg_685                                    |   1|   0|    1|          0|
    |j_V_reg_699                                     |  11|   0|   11|          0|
    |or_cond2_reg_745                                |   1|   0|    1|          0|
    |or_cond4_reg_736                                |   1|   0|    1|          0|
    |out_pixel_val_2_reg_781                         |   6|   0|    8|          2|
    |p_1_reg_180                                     |  11|   0|   11|          0|
    |p_s_reg_168                                     |  11|   0|   11|          0|
    |pixel_value_s_fu_84                             |  16|   0|   16|          0|
    |sel_tmp2_reg_755                                |   1|   0|    1|          0|
    |temp1_reg_740                                   |  16|   0|   16|          0|
    |temp1_s_fu_76                                   |  16|   0|   16|          0|
    |temp2_s_fu_80                                   |  16|   0|   16|          0|
    |tmp9_reg_726                                    |   1|   0|    1|          0|
    |tmp_11_reg_761                                  |   8|   0|    8|          0|
    |tmp_12_reg_750                                  |   6|   0|    6|          0|
    |tmp_13_reg_771                                  |   8|   0|    8|          0|
    |tmp_14_reg_786                                  |   1|   0|    1|          0|
    |tmp_15_reg_791                                  |   1|   0|    1|          0|
    |tmp_21_reg_731                                  |   1|   0|    1|          0|
    |tmp_27_reg_766                                  |   8|   0|    8|          0|
    |tmp_2_reg_690                                   |   1|   0|    1|          0|
    |tmp_32_reg_776                                  |   8|   0|    8|          0|
    |tmp_33_reg_796                                  |   6|   0|    8|          2|
    |tmp_3_reg_704                                   |   1|   0|    1|          0|
    |tmp_7_reg_708                                   |   1|   0|    1|          0|
    |exitcond_reg_695                                |   0|   1|    1|          0|
    |or_cond2_reg_745                                |   0|   1|    1|          0|
    |or_cond4_reg_736                                |   0|   1|    1|          0|
    +------------------------------------------------+----+----+-----+-----------+
    |Total                                           | 320|   3|  327|          4|
    +------------------------------------------------+----+----+-----+-----------+



================================================================
== Interface
================================================================
* Summary: 
+--------------------------------+-----+-----+------------+-------------------------+--------------+
|            RTL Ports           | Dir | Bits|  Protocol  |      Source Object      |    C Type    |
+--------------------------------+-----+-----+------------+-------------------------+--------------+
|ap_clk                          |  in |    1| ap_ctrl_hs | canny_nonmax_supression | return value |
|ap_rst                          |  in |    1| ap_ctrl_hs | canny_nonmax_supression | return value |
|ap_start                        |  in |    1| ap_ctrl_hs | canny_nonmax_supression | return value |
|ap_done                         | out |    1| ap_ctrl_hs | canny_nonmax_supression | return value |
|ap_continue                     |  in |    1| ap_ctrl_hs | canny_nonmax_supression | return value |
|ap_idle                         | out |    1| ap_ctrl_hs | canny_nonmax_supression | return value |
|ap_ready                        | out |    1| ap_ctrl_hs | canny_nonmax_supression | return value |
|grad_out_data_stream_V_dout     |  in |   16|   ap_fifo  |  grad_out_data_stream_V |    pointer   |
|grad_out_data_stream_V_empty_n  |  in |    1|   ap_fifo  |  grad_out_data_stream_V |    pointer   |
|grad_out_data_stream_V_read     | out |    1|   ap_fifo  |  grad_out_data_stream_V |    pointer   |
|supressed_data_stream_V_din     | out |    8|   ap_fifo  | supressed_data_stream_V |    pointer   |
|supressed_data_stream_V_full_n  |  in |    1|   ap_fifo  | supressed_data_stream_V |    pointer   |
|supressed_data_stream_V_write   | out |    1|   ap_fifo  | supressed_data_stream_V |    pointer   |
+--------------------------------+-----+-----+------------+-------------------------+--------------+

