

================================================================
== Vivado HLS Report for 'canny_Duplicate_1024_1024_0_0_s'
================================================================
* Date:           Fri Jul 06 13:00:15 2018

* Version:        2015.4 (Build 1412921 on Wed Nov 18 09:58:55 AM 2015)
* Project:        cannyedge
* Solution:       solution1
* Product family: zynq
* Target device:  xc7z020clg484-1


================================================================
== Performance Estimates
================================================================
+ Timing (ns): 
    * Summary: 
    +--------+-------+----------+------------+
    |  Clock | Target| Estimated| Uncertainty|
    +--------+-------+----------+------------+
    |ap_clk  |   5.00|      3.48|        0.63|
    +--------+-------+----------+------------+

+ Latency (clock cycles): 
    * Summary: 
    +---------+---------+---------+---------+---------+
    |      Latency      |      Interval     | Pipeline|
    |   min   |   max   |   min   |   max   |   Type  |
    +---------+---------+---------+---------+---------+
    |  1051649|  1051649|  1051649|  1051649|   none  |
    +---------+---------+---------+---------+---------+

    + Detail: 
        * Instance: 
        N/A

        * Loop: 
        +---------------+---------+---------+----------+-----------+-----------+------+----------+
        |               |      Latency      | Iteration|  Initiation Interval  | Trip |          |
        |   Loop Name   |   min   |   max   |  Latency |  achieved |   target  | Count| Pipelined|
        +---------------+---------+---------+----------+-----------+-----------+------+----------+
        |- loop_height  |  1051648|  1051648|      1027|          -|          -|  1024|    no    |
        | + loop_width  |     1024|     1024|         2|          1|          1|  1024|    yes   |
        +---------------+---------+---------+----------+-----------+-----------+------+----------+

============================================================
+ Verbose Summary: Synthesis Manager
============================================================
InlineROM: 1
ExposeGlobal: 0
============================================================
+ Verbose Summary: CDFG Model
============================================================
IsTopModel: 0
ResetActiveHigh: 1
IsCombinational: 2
IsDatapathOnly: 0
HasWiredReturn: 1
HasMFsm: 0
HasVarLatency: 1
IsPipeline: 0
IsRtlPipelined: 0
IsInstanceOverlapped: 0
IsDontTouch: 0
HasImplIP: 0
IsGatedGlobalClock: 0

+ Individual pipeline summary: 
  * Pipeline-0: initiation interval (II) = 1, depth = 2


============================================================
+ Verbose Summary: Schedule
============================================================
* Number of FSM states: 5
* Pipeline: 1
  Pipeline-0: II = 1, D = 2, States = { 3 4 }
* Dataflow Pipeline: 0

* FSM state transitions: 
1 --> 
	2  / true
2 --> 
	3  / (!exitcond2)
3 --> 
	5  / (exitcond)
	4  / (!exitcond)
4 --> 
	3  / true
5 --> 
	2  / true
* FSM state operations: 

 <State 1>: 1.57ns
ST_1: stg_6 [1/1] 0.00ns
._crit_edge81:0  call void (...)* @_ssdm_op_SpecInterface(i8* %dst2_data_stream_V, [8 x i8]* @ap_fifo_str, i32 0, i32 0, i32 0, i32 0, [1 x i8]* @p_str, [1 x i8]* @p_str, [1 x i8]* @p_str, [1 x i8]* @p_str)

ST_1: stg_7 [1/1] 0.00ns
._crit_edge81:1  call void (...)* @_ssdm_op_SpecInterface(i8* %dst1_data_stream_V, [8 x i8]* @ap_fifo_str, i32 0, i32 0, i32 0, i32 0, [1 x i8]* @p_str, [1 x i8]* @p_str, [1 x i8]* @p_str, [1 x i8]* @p_str)

ST_1: stg_8 [1/1] 0.00ns
._crit_edge81:2  call void (...)* @_ssdm_op_SpecInterface(i8* %src_data_stream_V, [8 x i8]* @ap_fifo_str, i32 0, i32 0, i32 0, i32 0, [1 x i8]* @p_str, [1 x i8]* @p_str, [1 x i8]* @p_str, [1 x i8]* @p_str)

ST_1: stg_9 [1/1] 1.57ns
._crit_edge81:3  br label %0


 <State 2>: 3.48ns
ST_2: p_s [1/1] 0.00ns
:0  %p_s = phi i11 [ 0, %._crit_edge81 ], [ %i_V, %4 ]

ST_2: exitcond2 [1/1] 2.11ns
:1  %exitcond2 = icmp eq i11 %p_s, -1024

ST_2: stg_12 [1/1] 0.00ns
:2  call void (...)* @_ssdm_op_SpecLoopTripCount(i64 1024, i64 1024, i64 1024)

ST_2: i_V [1/1] 1.84ns
:3  %i_V = add i11 %p_s, 1

ST_2: stg_14 [1/1] 0.00ns
:4  br i1 %exitcond2, label %5, label %1

ST_2: stg_15 [1/1] 0.00ns
:0  call void (...)* @_ssdm_op_SpecLoopName([12 x i8]* @p_str1817) nounwind

ST_2: tmp [1/1] 0.00ns
:1  %tmp = call i32 (...)* @_ssdm_op_SpecRegionBegin([12 x i8]* @p_str1817)

ST_2: stg_17 [1/1] 1.57ns
:2  br label %2

ST_2: stg_18 [1/1] 0.00ns
:0  ret void


 <State 3>: 2.11ns
ST_3: p_6 [1/1] 0.00ns
:0  %p_6 = phi i11 [ 0, %1 ], [ %j_V, %3 ]

ST_3: exitcond [1/1] 2.11ns
:1  %exitcond = icmp eq i11 %p_6, -1024

ST_3: stg_21 [1/1] 0.00ns
:2  call void (...)* @_ssdm_op_SpecLoopTripCount(i64 1024, i64 1024, i64 1024)

ST_3: j_V [1/1] 1.84ns
:3  %j_V = add i11 %p_6, 1

ST_3: stg_23 [1/1] 0.00ns
:4  br i1 %exitcond, label %4, label %3


 <State 4>: 2.00ns
ST_4: stg_24 [1/1] 0.00ns
:0  call void (...)* @_ssdm_op_SpecLoopName([11 x i8]* @p_str1818) nounwind

ST_4: tmp_s [1/1] 0.00ns
:1  %tmp_s = call i32 (...)* @_ssdm_op_SpecRegionBegin([11 x i8]* @p_str1818)

ST_4: stg_26 [1/1] 0.00ns
:2  call void (...)* @_ssdm_op_SpecPipeline(i32 1, i32 1, i32 1, i32 0, [1 x i8]* @p_str1806) nounwind

ST_4: tmp_90 [1/1] 0.00ns
:3  %tmp_90 = call i32 (...)* @_ssdm_op_SpecRegionBegin([13 x i8]* @p_str1866)

ST_4: stg_28 [1/1] 0.00ns
:4  call void (...)* @_ssdm_op_SpecProtocol(i32 0, [1 x i8]* @p_str1806) nounwind

ST_4: tmp_150 [1/1] 1.00ns
:5  %tmp_150 = call i8 @_ssdm_op_Read.ap_fifo.volatile.i8P(i8* %src_data_stream_V)

ST_4: empty [1/1] 0.00ns
:6  %empty = call i32 (...)* @_ssdm_op_SpecRegionEnd([13 x i8]* @p_str1866, i32 %tmp_90)

ST_4: tmp_91 [1/1] 0.00ns
:7  %tmp_91 = call i32 (...)* @_ssdm_op_SpecRegionBegin([13 x i8]* @p_str1858)

ST_4: stg_32 [1/1] 0.00ns
:8  call void (...)* @_ssdm_op_SpecProtocol(i32 0, [1 x i8]* @p_str1806) nounwind

ST_4: stg_33 [1/1] 1.00ns
:9  call void @_ssdm_op_Write.ap_fifo.volatile.i8P(i8* %dst1_data_stream_V, i8 %tmp_150)

ST_4: empty_80 [1/1] 0.00ns
:10  %empty_80 = call i32 (...)* @_ssdm_op_SpecRegionEnd([13 x i8]* @p_str1858, i32 %tmp_91)

ST_4: tmp_92 [1/1] 0.00ns
:11  %tmp_92 = call i32 (...)* @_ssdm_op_SpecRegionBegin([13 x i8]* @p_str1858)

ST_4: stg_36 [1/1] 0.00ns
:12  call void (...)* @_ssdm_op_SpecProtocol(i32 0, [1 x i8]* @p_str1806) nounwind

ST_4: stg_37 [1/1] 1.00ns
:13  call void @_ssdm_op_Write.ap_fifo.volatile.i8P(i8* %dst2_data_stream_V, i8 %tmp_150)

ST_4: empty_81 [1/1] 0.00ns
:14  %empty_81 = call i32 (...)* @_ssdm_op_SpecRegionEnd([13 x i8]* @p_str1858, i32 %tmp_92)

ST_4: empty_82 [1/1] 0.00ns
:15  %empty_82 = call i32 (...)* @_ssdm_op_SpecRegionEnd([11 x i8]* @p_str1818, i32 %tmp_s)

ST_4: stg_40 [1/1] 0.00ns
:16  br label %2


 <State 5>: 0.00ns
ST_5: empty_83 [1/1] 0.00ns
:0  %empty_83 = call i32 (...)* @_ssdm_op_SpecRegionEnd([12 x i8]* @p_str1817, i32 %tmp)

ST_5: stg_42 [1/1] 0.00ns
:1  br label %0



============================================================
+ Verbose Summary: Binding
============================================================
N/A
* FSMD analyzer results:
  - Output states:
  - Chain level:
	State 1
	State 2
	State 3
	State 4
	State 5


============================================================
+ Verbose Summary: Datapath Resource usage 
============================================================
N/A
